DW.ref.__gxx_personality_v0 saturn_qrd_DW.ref.__gxx_personality_v0
Endian_A16_LE_to_NE saturn_qrd_Endian_A16_LE_to_NE
Endian_A16_Swap saturn_qrd_Endian_A16_Swap
Endian_A32_LE_to_NE saturn_qrd_Endian_A32_LE_to_NE
Endian_A32_Swap saturn_qrd_Endian_A32_Swap
Endian_A64_LE_to_NE saturn_qrd_Endian_A64_LE_to_NE
Endian_A64_Swap saturn_qrd_Endian_A64_Swap
SubCheats saturn_qrd_SubCheats
_Z10AndPVectorPhhi saturn_qrd__Z10AndPVectorPhhi
_Z10AndQVectorPhhi saturn_qrd__Z10AndQVectorPhhi
_Z10GetPVectorPhS_i saturn_qrd__Z10GetPVectorPhS_i
_Z10GetQVectorPhS_i saturn_qrd__Z10GetQVectorPhS_i
_Z10MDFN_ltrimRNSt6__ndk112basic_stringIcNS_11char_traitsIcEENS_9allocatorIcEEEE saturn_qrd__Z10MDFN_ltrimRNSt6__ndk112basic_stringIcNS_11char_traitsIcEENS_9allocatorIcEEEE
_Z10MDFN_rtrimRNSt6__ndk112basic_stringIcNS_11char_traitsIcEENS_9allocatorIcEEEE saturn_qrd__Z10MDFN_rtrimRNSt6__ndk112basic_stringIcNS_11char_traitsIcEENS_9allocatorIcEEEE
_Z10SetPVectorPhS_i saturn_qrd__Z10SetPVectorPhS_i
_Z10SetQVectorPhS_i saturn_qrd__Z10SetQVectorPhS_i
_Z11FillPVectorPhhi saturn_qrd__Z11FillPVectorPhhi
_Z11FillQVectorPhhi saturn_qrd__Z11FillQVectorPhhi
_Z11MDFNMP_Initjj saturn_qrd__Z11MDFNMP_Initjj
_Z11MDFNMP_Killv saturn_qrd__Z11MDFNMP_Killv
_Z12MDFN_EvalFIPRKNSt6__ndk112basic_stringIcNS_11char_traitsIcEENS_9allocatorIcEEEES7_b saturn_qrd__Z12MDFN_EvalFIPRKNSt6__ndk112basic_stringIcNS_11char_traitsIcEENS_9allocatorIcEEEES7_b
_Z12lec_scramblePh saturn_qrd__Z12lec_scramblePh
_Z13CDAccess_OpenRKNSt6__ndk112basic_stringIcNS_11char_traitsIcEENS_9allocatorIcEEEEb saturn_qrd__Z13CDAccess_OpenRKNSt6__ndk112basic_stringIcNS_11char_traitsIcEENS_9allocatorIcEEEEb
_Z13MDFNMP_AddRAMjjPh saturn_qrd__Z13MDFNMP_AddRAMjjPh
_Z14CDUtility_Initv saturn_qrd__Z14CDUtility_Initv
_Z14MDFNI_AddCheatPKcjmmcjb saturn_qrd__Z14MDFNI_AddCheatPKcjmmcjb
_Z14MDFNI_DecodeGGPKcPjPhS2_Pc saturn_qrd__Z14MDFNI_DecodeGGPKcPjPhS2_Pc
_Z14MDFNI_DelCheatj saturn_qrd__Z14MDFNI_DelCheatj
_Z14MDFNI_GetCheatjPPcPjPmS2_PiS_S1_Pb saturn_qrd__Z14MDFNI_GetCheatjPPcPjPmS2_PiS_S1_Pb
_Z14MDFNI_SetCheatjPKcjmmicjb saturn_qrd__Z14MDFNI_SetCheatjPKcjmmicjb
_Z15MDFNI_DecodePARPKcPjPhS2_Pc saturn_qrd__Z15MDFNI_DecodePARPKcPjPhS2_Pc
_Z16FreeGaloisTablesP13_GaloisTables saturn_qrd__Z16FreeGaloisTablesP13_GaloisTables
_Z16Init_LEC_Correctv saturn_qrd__Z16Init_LEC_Correctv
_Z16Kill_LEC_Correctv saturn_qrd__Z16Kill_LEC_Correctv
_Z16MDFNI_DecodeGBGGPKcPjPhS2_Pc saturn_qrd__Z16MDFNI_DecodeGBGGPKcPjPhS2_Pc
_Z16MDFNI_ListCheatsPFiPcjmmicjbPvES0_ saturn_qrd__Z16MDFNI_ListCheatsPFiPcjmmicjbPvES0_
_Z16subpw_interleavePKhPh saturn_qrd__Z16subpw_interleavePKhPh
_Z17MDFNI_ToggleCheatj saturn_qrd__Z17MDFNI_ToggleCheatj
_Z17ValidateRawSectorPhb saturn_qrd__Z17ValidateRawSectorPhb
_Z17subq_deinterleavePKhPh saturn_qrd__Z17subq_deinterleavePKhPh
_Z18CreateGaloisTablesi saturn_qrd__Z18CreateGaloisTablesi
_Z18subpw_deinterleavePKhPh saturn_qrd__Z18subpw_deinterleavePKhPh
_Z19encode_mode0_sectorjPh saturn_qrd__Z19encode_mode0_sectorjPh
_Z19encode_mode1_sectorjPh saturn_qrd__Z19encode_mode1_sectorjPh
_Z19encode_mode2_sectorjPh saturn_qrd__Z19encode_mode2_sectorjPh
_Z19subq_check_checksumPKh saturn_qrd__Z19subq_check_checksumPKh
_Z21FreeReedSolomonTablesP18_ReedSolomonTables saturn_qrd__Z21FreeReedSolomonTablesP18_ReedSolomonTables
_Z21subpw_synth_udapp_lbaRK3TOCiiPh saturn_qrd__Z21subpw_synth_udapp_lbaRK3TOCiiPh
_Z22subq_generate_checksumPh saturn_qrd__Z22subq_generate_checksumPh
_Z22synth_udapp_sector_lbahRK3TOCiiPh saturn_qrd__Z22synth_udapp_sector_lbahRK3TOCiiPh
_Z23CreateReedSolomonTablesP13_GaloisTablesiii saturn_qrd__Z23CreateReedSolomonTablesP13_GaloisTablesiii
_Z23lec_encode_mode0_sectorjPh saturn_qrd__Z23lec_encode_mode0_sectorjPh
_Z23lec_encode_mode1_sectorjPh saturn_qrd__Z23lec_encode_mode1_sectorjPh
_Z23lec_encode_mode2_sectorjPh saturn_qrd__Z23lec_encode_mode2_sectorjPh
_Z23scrambleize_data_sectorPh saturn_qrd__Z23scrambleize_data_sectorPh
_Z23subpw_synth_leadout_lbaRK3TOCiPh saturn_qrd__Z23subpw_synth_leadout_lbaRK3TOCiPh
_Z24MDFNMP_RemoveReadPatchesv saturn_qrd__Z24MDFNMP_RemoveReadPatchesv
_Z24synth_leadout_sector_lbahRK3TOCiPh saturn_qrd__Z24synth_leadout_sector_lbahRK3TOCiPh
_Z25MDFNMP_InstallReadPatchesv saturn_qrd__Z25MDFNMP_InstallReadPatchesv
_Z25edc_lec_check_and_correctPhb saturn_qrd__Z25edc_lec_check_and_correctPhb
_Z25encode_mode2_form1_sectorjPh saturn_qrd__Z25encode_mode2_form1_sectorjPh
_Z25encode_mode2_form2_sectorjPh saturn_qrd__Z25encode_mode2_form2_sectorjPh
_Z26MDFNMP_ApplyPeriodicCheatsv saturn_qrd__Z26MDFNMP_ApplyPeriodicCheatsv
_Z26MDFN_GetFilePathComponentsRKNSt6__ndk112basic_stringIcNS_11char_traitsIcEENS_9allocatorIcEEEEPS5_S8_S8_ saturn_qrd__Z26MDFN_GetFilePathComponentsRKNSt6__ndk112basic_stringIcNS_11char_traitsIcEENS_9allocatorIcEEEEPS5_S8_S8_
_Z29lec_encode_mode2_form1_sectorjPh saturn_qrd__Z29lec_encode_mode2_form1_sectorjPh
_Z29lec_encode_mode2_form2_sectorjPh saturn_qrd__Z29lec_encode_mode2_form2_sectorjPh
_Z8CheckEDCPKhb saturn_qrd__Z8CheckEDCPKhb
_Z8DecodePQP18_ReedSolomonTablesPhiPii saturn_qrd__Z8DecodePQP18_ReedSolomonTablesPhiPii
_Z8EDCCrc32PKhi saturn_qrd__Z8EDCCrc32PKhi
_Z9CDIF_OpenRKNSt6__ndk112basic_stringIcNS_11char_traitsIcEENS_9allocatorIcEEEEb saturn_qrd__Z9CDIF_OpenRKNSt6__ndk112basic_stringIcNS_11char_traitsIcEENS_9allocatorIcEEEEb
_Z9MDFN_trimRNSt6__ndk112basic_stringIcNS_11char_traitsIcEENS_9allocatorIcEEEE saturn_qrd__Z9MDFN_trimRNSt6__ndk112basic_stringIcNS_11char_traitsIcEENS_9allocatorIcEEEE
_Z9OrPVectorPhhi saturn_qrd__Z9OrPVectorPhhi
_Z9OrQVectorPhhi saturn_qrd__Z9OrQVectorPhhi
_Z9edc_checkPKhb saturn_qrd__Z9edc_checkPKhb
_ZN10CDAFReaderC2Ev saturn_qrd__ZN10CDAFReaderC2Ev
_ZN10CDAFReaderD0Ev saturn_qrd__ZN10CDAFReaderD0Ev
_ZN10CDAFReaderD1Ev saturn_qrd__ZN10CDAFReaderD1Ev
_ZN10CDAFReaderD2Ev saturn_qrd__ZN10CDAFReaderD2Ev
_ZN10FileStream4readEPvm saturn_qrd__ZN10FileStream4readEPvm
_ZN10FileStream4seekEli saturn_qrd__ZN10FileStream4seekEli
_ZN10FileStream4sizeEv saturn_qrd__ZN10FileStream4sizeEv
_ZN10FileStream4tellEv saturn_qrd__ZN10FileStream4tellEv
_ZN10FileStream5closeEv saturn_qrd__ZN10FileStream5closeEv
_ZN10FileStream5writeEPKvm saturn_qrd__ZN10FileStream5writeEPKvm
_ZN10FileStreamC1EPKci saturn_qrd__ZN10FileStreamC1EPKci
_ZN10FileStreamC2EPKci saturn_qrd__ZN10FileStreamC2EPKci
_ZN10FileStreamD0Ev saturn_qrd__ZN10FileStreamD0Ev
_ZN10FileStreamD1Ev saturn_qrd__ZN10FileStreamD1Ev
_ZN10FileStreamD2Ev saturn_qrd__ZN10FileStreamD2Ev
_ZN12CDAccess_CCD15CheckSubQSanityEv saturn_qrd__ZN12CDAccess_CCD15CheckSubQSanityEv
_ZN12CDAccess_CCD15Read_Raw_SectorEPhi saturn_qrd__ZN12CDAccess_CCD15Read_Raw_SectorEPhi
_ZN12CDAccess_CCD21Fast_Read_Raw_PW_TSREEPhi saturn_qrd__ZN12CDAccess_CCD21Fast_Read_Raw_PW_TSREEPhi
_ZN12CDAccess_CCD4LoadERKNSt6__ndk112basic_stringIcNS0_11char_traitsIcEENS0_9allocatorIcEEEEb saturn_qrd__ZN12CDAccess_CCD4LoadERKNSt6__ndk112basic_stringIcNS0_11char_traitsIcEENS0_9allocatorIcEEEEb
_ZN12CDAccess_CCD8Read_TOCEP3TOC saturn_qrd__ZN12CDAccess_CCD8Read_TOCEP3TOC
_ZN12CDAccess_CCDC1ERKNSt6__ndk112basic_stringIcNS0_11char_traitsIcEENS0_9allocatorIcEEEEb saturn_qrd__ZN12CDAccess_CCDC1ERKNSt6__ndk112basic_stringIcNS0_11char_traitsIcEENS0_9allocatorIcEEEEb
_ZN12CDAccess_CCDC2ERKNSt6__ndk112basic_stringIcNS0_11char_traitsIcEENS0_9allocatorIcEEEEb saturn_qrd__ZN12CDAccess_CCDC2ERKNSt6__ndk112basic_stringIcNS0_11char_traitsIcEENS0_9allocatorIcEEEEb
_ZN12CDAccess_CCDD0Ev saturn_qrd__ZN12CDAccess_CCDD0Ev
_ZN12CDAccess_CCDD1Ev saturn_qrd__ZN12CDAccess_CCDD1Ev
_ZN12CDAccess_CCDD2Ev saturn_qrd__ZN12CDAccess_CCDD2Ev
_ZN12MemoryStream3mapEv saturn_qrd__ZN12MemoryStream3mapEv
_ZN12MemoryStream4readEPvm saturn_qrd__ZN12MemoryStream4readEPvm
_ZN12MemoryStream4seekEli saturn_qrd__ZN12MemoryStream4seekEli
_ZN12MemoryStream4sizeEv saturn_qrd__ZN12MemoryStream4sizeEv
_ZN12MemoryStream4tellEv saturn_qrd__ZN12MemoryStream4tellEv
_ZN12MemoryStream5closeEv saturn_qrd__ZN12MemoryStream5closeEv
_ZN12MemoryStream5unmapEv saturn_qrd__ZN12MemoryStream5unmapEv
_ZN12MemoryStream5writeEPKvm saturn_qrd__ZN12MemoryStream5writeEPKvm
_ZN12MemoryStream8get_lineERNSt6__ndk112basic_stringIcNS0_11char_traitsIcEENS0_9allocatorIcEEEE saturn_qrd__ZN12MemoryStream8get_lineERNSt6__ndk112basic_stringIcNS0_11char_traitsIcEENS0_9allocatorIcEEEE
_ZN12MemoryStreamC1Em saturn_qrd__ZN12MemoryStreamC1Em
_ZN12MemoryStreamC1Ev saturn_qrd__ZN12MemoryStreamC1Ev
_ZN12MemoryStreamC2Em saturn_qrd__ZN12MemoryStreamC2Em
_ZN12MemoryStreamC2Ev saturn_qrd__ZN12MemoryStreamC2Ev
_ZN12MemoryStreamD0Ev saturn_qrd__ZN12MemoryStreamD0Ev
_ZN12MemoryStreamD1Ev saturn_qrd__ZN12MemoryStreamD1Ev
_ZN12MemoryStreamD2Ev saturn_qrd__ZN12MemoryStreamD2Ev
_ZN13ScrambleTableC1Ev saturn_qrd__ZN13ScrambleTableC1Ev
_ZN13ScrambleTableC2Ev saturn_qrd__ZN13ScrambleTableC2Ev
_ZN14CDAccess_Image11GenerateTOCEv saturn_qrd__ZN14CDAccess_Image11GenerateTOCEv
_ZN14CDAccess_Image14GetSectorCountEP18CDRFILE_TRACK_INFO saturn_qrd__ZN14CDAccess_Image14GetSectorCountEP18CDRFILE_TRACK_INFO
_ZN14CDAccess_Image15Read_Raw_SectorEPhi saturn_qrd__ZN14CDAccess_Image15Read_Raw_SectorEPhi
_ZN14CDAccess_Image21Fast_Read_Raw_PW_TSREEPhi saturn_qrd__ZN14CDAccess_Image21Fast_Read_Raw_PW_TSREEPhi
_ZN14CDAccess_Image7CleanupEv saturn_qrd__ZN14CDAccess_Image7CleanupEv
_ZN14CDAccess_Image7LoadSBIERKNSt6__ndk112basic_stringIcNS0_11char_traitsIcEENS0_9allocatorIcEEEE saturn_qrd__ZN14CDAccess_Image7LoadSBIERKNSt6__ndk112basic_stringIcNS0_11char_traitsIcEENS0_9allocatorIcEEEE
_ZN14CDAccess_Image8Read_TOCEP3TOC saturn_qrd__ZN14CDAccess_Image8Read_TOCEP3TOC
_ZN14CDAccess_Image9ImageOpenERKNSt6__ndk112basic_stringIcNS0_11char_traitsIcEENS0_9allocatorIcEEEEb saturn_qrd__ZN14CDAccess_Image9ImageOpenERKNSt6__ndk112basic_stringIcNS0_11char_traitsIcEENS0_9allocatorIcEEEEb
_ZN14CDAccess_ImageC1ERKNSt6__ndk112basic_stringIcNS0_11char_traitsIcEENS0_9allocatorIcEEEEb saturn_qrd__ZN14CDAccess_ImageC1ERKNSt6__ndk112basic_stringIcNS0_11char_traitsIcEENS0_9allocatorIcEEEEb
_ZN14CDAccess_ImageC2ERKNSt6__ndk112basic_stringIcNS0_11char_traitsIcEENS0_9allocatorIcEEEEb saturn_qrd__ZN14CDAccess_ImageC2ERKNSt6__ndk112basic_stringIcNS0_11char_traitsIcEENS0_9allocatorIcEEEEb
_ZN14CDAccess_ImageD0Ev saturn_qrd__ZN14CDAccess_ImageD0Ev
_ZN14CDAccess_ImageD1Ev saturn_qrd__ZN14CDAccess_ImageD1Ev
_ZN14CDAccess_ImageD2Ev saturn_qrd__ZN14CDAccess_ImageD2Ev
_ZN23Gf8_Q_Coeffs_Results_01C1Ev saturn_qrd__ZN23Gf8_Q_Coeffs_Results_01C1Ev
_ZN23Gf8_Q_Coeffs_Results_01C2Ev saturn_qrd__ZN23Gf8_Q_Coeffs_Results_01C2Ev
_ZN4CDIF17ValidateRawSectorEPh saturn_qrd__ZN4CDIF17ValidateRawSectorEPh
_ZN4CDIFD0Ev saturn_qrd__ZN4CDIFD0Ev
_ZN4CDIFD1Ev saturn_qrd__ZN4CDIFD1Ev
_ZN4CDIFD2Ev saturn_qrd__ZN4CDIFD2Ev
_ZN7CDIF_ST13ReadRawSectorEPhi saturn_qrd__ZN7CDIF_ST13ReadRawSectorEPhi
_ZN7CDIF_ST14HintReadSectorEi saturn_qrd__ZN7CDIF_ST14HintReadSectorEi
_ZN7CDIF_ST19ReadRawSectorPWOnlyEPhib saturn_qrd__ZN7CDIF_ST19ReadRawSectorPWOnlyEPhib
_ZN7CDIF_STC1EP8CDAccess saturn_qrd__ZN7CDIF_STC1EP8CDAccess
_ZN7CDIF_STC2EP8CDAccess saturn_qrd__ZN7CDIF_STC2EP8CDAccess
_ZN7CDIF_STD0Ev saturn_qrd__ZN7CDIF_STD0Ev
_ZN7CDIF_STD1Ev saturn_qrd__ZN7CDIF_STD1Ev
_ZN7CDIF_STD2Ev saturn_qrd__ZN7CDIF_STD2Ev
_ZN8CDAccessC2Ev saturn_qrd__ZN8CDAccessC2Ev
_ZN8CDAccessD0Ev saturn_qrd__ZN8CDAccessD0Ev
_ZN8CDAccessD1Ev saturn_qrd__ZN8CDAccessD1Ev
_ZN8CDAccessD2Ev saturn_qrd__ZN8CDAccessD2Ev
_ZN8CrcTableC1Ev saturn_qrd__ZN8CrcTableC1Ev
_ZN8CrcTableC2Ev saturn_qrd__ZN8CrcTableC2Ev
_ZNK14CDAccess_Image9MakeSubPQEiPh saturn_qrd__ZNK14CDAccess_Image9MakeSubPQEiPh
_ZNKSt6__ndk112basic_stringIcNS_11char_traitsIcEENS_9allocatorIcEEE4findB8ne210000EPKcm saturn_qrd__ZNKSt6__ndk112basic_stringIcNS_11char_traitsIcEENS_9allocatorIcEEE4findB8ne210000EPKcm
_ZNSt12length_errorC2B8ne210000EPKc saturn_qrd__ZNSt12length_errorC2B8ne210000EPKc
_ZNSt12out_of_rangeC2B8ne210000EPKc saturn_qrd__ZNSt12out_of_rangeC2B8ne210000EPKc
_ZNSt6__ndk110unique_ptrINS_11__tree_nodeINS_12__value_typeINS_12basic_stringIcNS_11char_traitsIcEENS_9allocatorIcEEEENS_3mapIS8_S8_NS_4lessIS8_EENS6_INS_4pairIKS8_S8_EEEEEEEEPvEENS_22__tree_node_destructorINS6_ISJ_EEEEED2B8ne210000Ev saturn_qrd__ZNSt6__ndk110unique_ptrINS_11__tree_nodeINS_12__value_typeINS_12basic_stringIcNS_11char_traitsIcEENS_9allocatorIcEEEENS_3mapIS8_S8_NS_4lessIS8_EENS6_INS_4pairIKS8_S8_EEEEEEEEPvEENS_22__tree_node_destructorINS6_ISJ_EEEEED2B8ne210000Ev
_ZNSt6__ndk110unique_ptrINS_11__tree_nodeINS_12__value_typeINS_12basic_stringIcNS_11char_traitsIcEENS_9allocatorIcEEEES8_EEPvEENS_22__tree_node_destructorINS6_ISB_EEEEED2B8ne210000Ev saturn_qrd__ZNSt6__ndk110unique_ptrINS_11__tree_nodeINS_12__value_typeINS_12basic_stringIcNS_11char_traitsIcEENS_9allocatorIcEEEES8_EEPvEENS_22__tree_node_destructorINS6_ISB_EEEEED2B8ne210000Ev
_ZNSt6__ndk112basic_stringIcNS_11char_traitsIcEENS_9allocatorIcEEE20__throw_length_errorB8ne210000Ev saturn_qrd__ZNSt6__ndk112basic_stringIcNS_11char_traitsIcEENS_9allocatorIcEEE20__throw_length_errorB8ne210000Ev
_ZNSt6__ndk112basic_stringIcNS_11char_traitsIcEENS_9allocatorIcEEE20__throw_out_of_rangeB8ne210000Ev saturn_qrd__ZNSt6__ndk112basic_stringIcNS_11char_traitsIcEENS_9allocatorIcEEE20__throw_out_of_rangeB8ne210000Ev
_ZNSt6__ndk112basic_stringIcNS_11char_traitsIcEENS_9allocatorIcEEE25__init_copy_ctor_externalEPKcm saturn_qrd__ZNSt6__ndk112basic_stringIcNS_11char_traitsIcEENS_9allocatorIcEEE25__init_copy_ctor_externalEPKcm
_ZNSt6__ndk114__split_bufferINS_12basic_stringIcNS_11char_traitsIcEENS_9allocatorIcEEEERNS4_IS6_EEED2Ev saturn_qrd__ZNSt6__ndk114__split_bufferINS_12basic_stringIcNS_11char_traitsIcEENS_9allocatorIcEEEERNS4_IS6_EEED2Ev
_ZNSt6__ndk120__throw_length_errorB8ne210000EPKc saturn_qrd__ZNSt6__ndk120__throw_length_errorB8ne210000EPKc
_ZNSt6__ndk120__throw_out_of_rangeB8ne210000EPKc saturn_qrd__ZNSt6__ndk120__throw_out_of_rangeB8ne210000EPKc
_ZNSt6__ndk127__tree_balance_after_insertB8ne210000IPNS_16__tree_node_baseIPvEEEEvT_S5_ saturn_qrd__ZNSt6__ndk127__tree_balance_after_insertB8ne210000IPNS_16__tree_node_baseIPvEEEEvT_S5_
_ZNSt6__ndk16__treeINS_12__value_typeINS_12basic_stringIcNS_11char_traitsIcEENS_9allocatorIcEEEENS_3mapIS7_S7_NS_4lessIS7_EENS5_INS_4pairIKS7_S7_EEEEEEEENS_19__map_value_compareIS7_SG_SA_Lb1EEENS5_ISG_EEE12__find_equalIS7_EERPNS_16__tree_node_baseIPvEERPNS_15__tree_end_nodeISP_EERKT_ saturn_qrd__ZNSt6__ndk16__treeINS_12__value_typeINS_12basic_stringIcNS_11char_traitsIcEENS_9allocatorIcEEEENS_3mapIS7_S7_NS_4lessIS7_EENS5_INS_4pairIKS7_S7_EEEEEEEENS_19__map_value_compareIS7_SG_SA_Lb1EEENS5_ISG_EEE12__find_equalIS7_EERPNS_16__tree_node_baseIPvEERPNS_15__tree_end_nodeISP_EERKT_
_ZNSt6__ndk16__treeINS_12__value_typeINS_12basic_stringIcNS_11char_traitsIcEENS_9allocatorIcEEEENS_3mapIS7_S7_NS_4lessIS7_EENS5_INS_4pairIKS7_S7_EEEEEEEENS_19__map_value_compareIS7_SG_SA_Lb1EEENS5_ISG_EEE25__emplace_unique_key_argsIS7_JRKNS_21piecewise_construct_tENS_5tupleIJRSC_EEENSP_IJEEEEEENSB_INS_15__tree_iteratorISG_PNS_11__tree_nodeISG_PvEElEEbEERKT_DpOT0_ saturn_qrd__ZNSt6__ndk16__treeINS_12__value_typeINS_12basic_stringIcNS_11char_traitsIcEENS_9allocatorIcEEEENS_3mapIS7_S7_NS_4lessIS7_EENS5_INS_4pairIKS7_S7_EEEEEEEENS_19__map_value_compareIS7_SG_SA_Lb1EEENS5_ISG_EEE25__emplace_unique_key_argsIS7_JRKNS_21piecewise_construct_tENS_5tupleIJRSC_EEENSP_IJEEEEEENSB_INS_15__tree_iteratorISG_PNS_11__tree_nodeISG_PvEElEEbEERKT_DpOT0_
_ZNSt6__ndk16__treeINS_12__value_typeINS_12basic_stringIcNS_11char_traitsIcEENS_9allocatorIcEEEENS_3mapIS7_S7_NS_4lessIS7_EENS5_INS_4pairIKS7_S7_EEEEEEEENS_19__map_value_compareIS7_SG_SA_Lb1EEENS5_ISG_EEE7destroyEPNS_11__tree_nodeISG_PvEE saturn_qrd__ZNSt6__ndk16__treeINS_12__value_typeINS_12basic_stringIcNS_11char_traitsIcEENS_9allocatorIcEEEENS_3mapIS7_S7_NS_4lessIS7_EENS5_INS_4pairIKS7_S7_EEEEEEEENS_19__map_value_compareIS7_SG_SA_Lb1EEENS5_ISG_EEE7destroyEPNS_11__tree_nodeISG_PvEE
_ZNSt6__ndk16__treeINS_12__value_typeINS_12basic_stringIcNS_11char_traitsIcEENS_9allocatorIcEEEES7_EENS_19__map_value_compareIS7_S8_NS_4lessIS7_EELb1EEENS5_IS8_EEE12__find_equalIS7_EERPNS_16__tree_node_baseIPvEERPNS_15__tree_end_nodeISJ_EERKT_ saturn_qrd__ZNSt6__ndk16__treeINS_12__value_typeINS_12basic_stringIcNS_11char_traitsIcEENS_9allocatorIcEEEES7_EENS_19__map_value_compareIS7_S8_NS_4lessIS7_EELb1EEENS5_IS8_EEE12__find_equalIS7_EERPNS_16__tree_node_baseIPvEERPNS_15__tree_end_nodeISJ_EERKT_
_ZNSt6__ndk16__treeINS_12__value_typeINS_12basic_stringIcNS_11char_traitsIcEENS_9allocatorIcEEEES7_EENS_19__map_value_compareIS7_S8_NS_4lessIS7_EELb1EEENS5_IS8_EEE25__emplace_unique_key_argsIS7_JRKNS_21piecewise_construct_tENS_5tupleIJRKS7_EEENSJ_IJEEEEEENS_4pairINS_15__tree_iteratorIS8_PNS_11__tree_nodeIS8_PvEElEEbEERKT_DpOT0_ saturn_qrd__ZNSt6__ndk16__treeINS_12__value_typeINS_12basic_stringIcNS_11char_traitsIcEENS_9allocatorIcEEEES7_EENS_19__map_value_compareIS7_S8_NS_4lessIS7_EELb1EEENS5_IS8_EEE25__emplace_unique_key_argsIS7_JRKNS_21piecewise_construct_tENS_5tupleIJRKS7_EEENSJ_IJEEEEEENS_4pairINS_15__tree_iteratorIS8_PNS_11__tree_nodeIS8_PvEElEEbEERKT_DpOT0_
_ZNSt6__ndk16__treeINS_12__value_typeINS_12basic_stringIcNS_11char_traitsIcEENS_9allocatorIcEEEES7_EENS_19__map_value_compareIS7_S8_NS_4lessIS7_EELb1EEENS5_IS8_EEE4findIS7_EENS_15__tree_iteratorIS8_PNS_11__tree_nodeIS8_PvEElEERKT_ saturn_qrd__ZNSt6__ndk16__treeINS_12__value_typeINS_12basic_stringIcNS_11char_traitsIcEENS_9allocatorIcEEEES7_EENS_19__map_value_compareIS7_S8_NS_4lessIS7_EELb1EEENS5_IS8_EEE4findIS7_EENS_15__tree_iteratorIS8_PNS_11__tree_nodeIS8_PvEElEERKT_
_ZNSt6__ndk16__treeINS_12__value_typeINS_12basic_stringIcNS_11char_traitsIcEENS_9allocatorIcEEEES7_EENS_19__map_value_compareIS7_S8_NS_4lessIS7_EELb1EEENS5_IS8_EEE7destroyEPNS_11__tree_nodeIS8_PvEE saturn_qrd__ZNSt6__ndk16__treeINS_12__value_typeINS_12basic_stringIcNS_11char_traitsIcEENS_9allocatorIcEEEES7_EENS_19__map_value_compareIS7_S8_NS_4lessIS7_EELb1EEENS5_IS8_EEE7destroyEPNS_11__tree_nodeIS8_PvEE
_ZNSt6__ndk16__treeINS_12__value_typeIj9stl_arrayIhLm12EEEENS_19__map_value_compareIjS4_NS_4lessIjEELb1EEENS_9allocatorIS4_EEE7destroyEPNS_11__tree_nodeIS4_PvEE saturn_qrd__ZNSt6__ndk16__treeINS_12__value_typeIj9stl_arrayIhLm12EEEENS_19__map_value_compareIjS4_NS_4lessIjEELb1EEENS_9allocatorIS4_EEE7destroyEPNS_11__tree_nodeIS4_PvEE
_ZNSt6__ndk16vectorI10__SUBCHEATNS_9allocatorIS1_EEE20__throw_length_errorB8ne210000Ev saturn_qrd__ZNSt6__ndk16vectorI10__SUBCHEATNS_9allocatorIS1_EEE20__throw_length_errorB8ne210000Ev
_ZNSt6__ndk16vectorI10__SUBCHEATNS_9allocatorIS1_EEE9push_backB8ne210000ERKS1_ saturn_qrd__ZNSt6__ndk16vectorI10__SUBCHEATNS_9allocatorIS1_EEE9push_backB8ne210000ERKS1_
_ZNSt6__ndk16vectorI8__CHEATFNS_9allocatorIS1_EEE20__throw_length_errorB8ne210000Ev saturn_qrd__ZNSt6__ndk16vectorI8__CHEATFNS_9allocatorIS1_EEE20__throw_length_errorB8ne210000Ev
_ZNSt6__ndk16vectorI8__CHEATFNS_9allocatorIS1_EEE9push_backB8ne210000ERKS1_ saturn_qrd__ZNSt6__ndk16vectorI8__CHEATFNS_9allocatorIS1_EEE9push_backB8ne210000ERKS1_
_ZNSt6__ndk16vectorI8__CHEATFNS_9allocatorIS1_EEED2B8ne210000Ev saturn_qrd__ZNSt6__ndk16vectorI8__CHEATFNS_9allocatorIS1_EEED2B8ne210000Ev
_ZNSt6__ndk16vectorINS_12basic_stringIcNS_11char_traitsIcEENS_9allocatorIcEEEENS4_IS6_EEE20__throw_length_errorB8ne210000Ev saturn_qrd__ZNSt6__ndk16vectorINS_12basic_stringIcNS_11char_traitsIcEENS_9allocatorIcEEEENS4_IS6_EEE20__throw_length_errorB8ne210000Ev
_ZNSt6__ndk16vectorINS_12basic_stringIcNS_11char_traitsIcEENS_9allocatorIcEEEENS4_IS6_EEE24__emplace_back_slow_pathIJRKS6_EEEPS6_DpOT_ saturn_qrd__ZNSt6__ndk16vectorINS_12basic_stringIcNS_11char_traitsIcEENS_9allocatorIcEEEENS4_IS6_EEE24__emplace_back_slow_pathIJRKS6_EEEPS6_DpOT_
_ZNSt6__ndk16vectorINS_12basic_stringIcNS_11char_traitsIcEENS_9allocatorIcEEEENS4_IS6_EEED2B8ne210000Ev saturn_qrd__ZNSt6__ndk16vectorINS_12basic_stringIcNS_11char_traitsIcEENS_9allocatorIcEEEENS4_IS6_EEED2B8ne210000Ev
_ZNSt6__ndk16vectorIP4CDIFNS_9allocatorIS2_EEE20__throw_length_errorB8ne210000Ev saturn_qrd__ZNSt6__ndk16vectorIP4CDIFNS_9allocatorIS2_EEE20__throw_length_errorB8ne210000Ev
_ZNSt6__ndk16vectorIP4CDIFNS_9allocatorIS2_EEE9push_backB8ne210000ERKS2_ saturn_qrd__ZNSt6__ndk16vectorIP4CDIFNS_9allocatorIS2_EEE9push_backB8ne210000ERKS2_
_ZNSt6__ndk16vectorIP4CDIFNS_9allocatorIS2_EEED2B8ne210000Ev saturn_qrd__ZNSt6__ndk16vectorIP4CDIFNS_9allocatorIS2_EEED2B8ne210000Ev
_ZNSt6__ndk1eqB8ne210000IcNS_11char_traitsIcEENS_9allocatorIcEEEEbRKNS_12basic_stringIT_T0_T1_EEPKS6_ saturn_qrd__ZNSt6__ndk1eqB8ne210000IcNS_11char_traitsIcEENS_9allocatorIcEEEEbRKNS_12basic_stringIT_T0_T1_EEPKS6_
_ZSt28__throw_bad_array_new_lengthB8ne210000v saturn_qrd__ZSt28__throw_bad_array_new_lengthB8ne210000v
_ZTI10CDAFReader saturn_qrd__ZTI10CDAFReader
_ZTI10FileStream saturn_qrd__ZTI10FileStream
_ZTI12CDAccess_CCD saturn_qrd__ZTI12CDAccess_CCD
_ZTI12MemoryStream saturn_qrd__ZTI12MemoryStream
_ZTI14CDAccess_Image saturn_qrd__ZTI14CDAccess_Image
_ZTI4CDIF saturn_qrd__ZTI4CDIF
_ZTI7CDIF_ST saturn_qrd__ZTI7CDIF_ST
_ZTI8CDAccess saturn_qrd__ZTI8CDAccess
_ZTS10CDAFReader saturn_qrd__ZTS10CDAFReader
_ZTS10FileStream saturn_qrd__ZTS10FileStream
_ZTS12CDAccess_CCD saturn_qrd__ZTS12CDAccess_CCD
_ZTS12MemoryStream saturn_qrd__ZTS12MemoryStream
_ZTS14CDAccess_Image saturn_qrd__ZTS14CDAccess_Image
_ZTS4CDIF saturn_qrd__ZTS4CDIF
_ZTS7CDIF_ST saturn_qrd__ZTS7CDIF_ST
_ZTS8CDAccess saturn_qrd__ZTS8CDAccess
_ZTV10CDAFReader saturn_qrd__ZTV10CDAFReader
_ZTV10FileStream saturn_qrd__ZTV10FileStream
_ZTV12CDAccess_CCD saturn_qrd__ZTV12CDAccess_CCD
_ZTV12MemoryStream saturn_qrd__ZTV12MemoryStream
_ZTV14CDAccess_Image saturn_qrd__ZTV14CDAccess_Image
_ZTV4CDIF saturn_qrd__ZTV4CDIF
_ZTV7CDIF_ST saturn_qrd__ZTV7CDIF_ST
_ZTV8CDAccess saturn_qrd__ZTV8CDAccess
__clang_call_terminate saturn_qrd___clang_call_terminate
dir_list_append saturn_qrd_dir_list_append
dir_list_deinitialize saturn_qrd_dir_list_deinitialize
dir_list_free saturn_qrd_dir_list_free
dir_list_initialize saturn_qrd_dir_list_initialize
dir_list_new saturn_qrd_dir_list_new
dir_list_sort saturn_qrd_dir_list_sort
dirent_vfs_init saturn_qrd_dirent_vfs_init
filestream_close saturn_qrd_filestream_close
filestream_delete saturn_qrd_filestream_delete
filestream_eof saturn_qrd_filestream_eof
filestream_error saturn_qrd_filestream_error
filestream_exists saturn_qrd_filestream_exists
filestream_flush saturn_qrd_filestream_flush
filestream_get_path saturn_qrd_filestream_get_path
filestream_get_size saturn_qrd_filestream_get_size
filestream_get_vfs_handle saturn_qrd_filestream_get_vfs_handle
filestream_getc saturn_qrd_filestream_getc
filestream_getline saturn_qrd_filestream_getline
filestream_gets saturn_qrd_filestream_gets
filestream_open saturn_qrd_filestream_open
filestream_printf saturn_qrd_filestream_printf
filestream_putc saturn_qrd_filestream_putc
filestream_read saturn_qrd_filestream_read
filestream_read_file saturn_qrd_filestream_read_file
filestream_rename saturn_qrd_filestream_rename
filestream_rewind saturn_qrd_filestream_rewind
filestream_scanf saturn_qrd_filestream_scanf
filestream_seek saturn_qrd_filestream_seek
filestream_tell saturn_qrd_filestream_tell
filestream_truncate saturn_qrd_filestream_truncate
filestream_vfs_init saturn_qrd_filestream_vfs_init
filestream_vprintf saturn_qrd_filestream_vprintf
filestream_vscanf saturn_qrd_filestream_vscanf
filestream_write saturn_qrd_filestream_write
filestream_write_file saturn_qrd_filestream_write_file
fill_dated_filename saturn_qrd_fill_dated_filename
fill_pathname saturn_qrd_fill_pathname
fill_pathname_abbreviate_special saturn_qrd_fill_pathname_abbreviate_special
fill_pathname_abbreviated_or_relative saturn_qrd_fill_pathname_abbreviated_or_relative
fill_pathname_base saturn_qrd_fill_pathname_base
fill_pathname_basedir saturn_qrd_fill_pathname_basedir
fill_pathname_dir saturn_qrd_fill_pathname_dir
fill_pathname_expand_special saturn_qrd_fill_pathname_expand_special
fill_pathname_join saturn_qrd_fill_pathname_join
fill_pathname_join_delim saturn_qrd_fill_pathname_join_delim
fill_pathname_join_special saturn_qrd_fill_pathname_join_special
fill_pathname_join_special_ext saturn_qrd_fill_pathname_join_special_ext
fill_pathname_parent_dir saturn_qrd_fill_pathname_parent_dir
fill_pathname_parent_dir_name saturn_qrd_fill_pathname_parent_dir_name
fill_pathname_resolve_relative saturn_qrd_fill_pathname_resolve_relative
fill_pathname_slash saturn_qrd_fill_pathname_slash
fill_str_dated_filename saturn_qrd_fill_str_dated_filename
find_last_slash saturn_qrd_find_last_slash
is_path_accessible_using_standard_io saturn_qrd_is_path_accessible_using_standard_io
local_to_utf8_string_alloc saturn_qrd_local_to_utf8_string_alloc
lr_char_props saturn_qrd_lr_char_props
memalign_alloc saturn_qrd_memalign_alloc
memalign_alloc_aligned saturn_qrd_memalign_alloc_aligned
memalign_free saturn_qrd_memalign_free
path_basedir saturn_qrd_path_basedir
path_basedir_wrapper saturn_qrd_path_basedir_wrapper
path_basename saturn_qrd_path_basename
path_basename_nocompression saturn_qrd_path_basename_nocompression
path_get_archive_delim saturn_qrd_path_get_archive_delim
path_get_extension saturn_qrd_path_get_extension
path_get_extension_mutable saturn_qrd_path_get_extension_mutable
path_is_absolute saturn_qrd_path_is_absolute
path_is_compressed_file saturn_qrd_path_is_compressed_file
path_linked_list_add_path saturn_qrd_path_linked_list_add_path
path_linked_list_free saturn_qrd_path_linked_list_free
path_linked_list_new saturn_qrd_path_linked_list_new
path_parent_dir saturn_qrd_path_parent_dir
path_relative_to saturn_qrd_path_relative_to
path_remove_extension saturn_qrd_path_remove_extension
path_resolve_realpath saturn_qrd_path_resolve_realpath
pathname_conform_slashes_to_os saturn_qrd_pathname_conform_slashes_to_os
pathname_make_slashes_portable saturn_qrd_pathname_make_slashes_portable
perf_cb saturn_qrd_perf_cb
perf_get_cpu_features_cb saturn_qrd_perf_get_cpu_features_cb
retro_base_directory saturn_qrd_retro_base_directory
retro_closedir saturn_qrd_retro_closedir
retro_dirent_error saturn_qrd_retro_dirent_error
retro_dirent_get_name saturn_qrd_retro_dirent_get_name
retro_dirent_is_dir saturn_qrd_retro_dirent_is_dir
retro_opendir saturn_qrd_retro_opendir
retro_opendir_include_hidden saturn_qrd_retro_opendir_include_hidden
retro_readdir saturn_qrd_retro_readdir
retro_vfs_closedir_impl saturn_qrd_retro_vfs_closedir_impl
retro_vfs_dirent_get_name_impl saturn_qrd_retro_vfs_dirent_get_name_impl
retro_vfs_dirent_is_dir_impl saturn_qrd_retro_vfs_dirent_is_dir_impl
retro_vfs_file_close_impl saturn_qrd_retro_vfs_file_close_impl
retro_vfs_file_error_impl saturn_qrd_retro_vfs_file_error_impl
retro_vfs_file_flush_impl saturn_qrd_retro_vfs_file_flush_impl
retro_vfs_file_get_path_impl saturn_qrd_retro_vfs_file_get_path_impl
retro_vfs_file_open_impl saturn_qrd_retro_vfs_file_open_impl
retro_vfs_file_read_impl saturn_qrd_retro_vfs_file_read_impl
retro_vfs_file_remove_impl saturn_qrd_retro_vfs_file_remove_impl
retro_vfs_file_rename_impl saturn_qrd_retro_vfs_file_rename_impl
retro_vfs_file_seek_impl saturn_qrd_retro_vfs_file_seek_impl
retro_vfs_file_seek_internal saturn_qrd_retro_vfs_file_seek_internal
retro_vfs_file_size_impl saturn_qrd_retro_vfs_file_size_impl
retro_vfs_file_tell_impl saturn_qrd_retro_vfs_file_tell_impl
retro_vfs_file_truncate_impl saturn_qrd_retro_vfs_file_truncate_impl
retro_vfs_file_write_impl saturn_qrd_retro_vfs_file_write_impl
retro_vfs_mkdir_impl saturn_qrd_retro_vfs_mkdir_impl
retro_vfs_opendir_impl saturn_qrd_retro_vfs_opendir_impl
retro_vfs_readdir_impl saturn_qrd_retro_vfs_readdir_impl
retro_vfs_stat_impl saturn_qrd_retro_vfs_stat_impl
rfclose saturn_qrd_rfclose
rfeof saturn_qrd_rfeof
rferror saturn_qrd_rferror
rfflush saturn_qrd_rfflush
rfgetc saturn_qrd_rfgetc
rfgets saturn_qrd_rfgets
rfopen saturn_qrd_rfopen
rfprintf saturn_qrd_rfprintf
rfputc saturn_qrd_rfputc
rfread saturn_qrd_rfread
rfscanf saturn_qrd_rfscanf
rfseek saturn_qrd_rfseek
rftell saturn_qrd_rftell
rfwrite saturn_qrd_rfwrite
rtime_deinit saturn_qrd_rtime_deinit
rtime_init saturn_qrd_rtime_init
rtime_localtime saturn_qrd_rtime_localtime
setting_initial_scanline saturn_qrd_setting_initial_scanline
setting_last_scanline saturn_qrd_setting_last_scanline
strcasestr_retro__ saturn_qrd_strcasestr_retro__
string_copy_only_ascii saturn_qrd_string_copy_only_ascii
string_count_occurrences_single_character saturn_qrd_string_count_occurrences_single_character
string_find_index_substring_string saturn_qrd_string_find_index_substring_string
string_hex_to_unsigned saturn_qrd_string_hex_to_unsigned
string_index_last_occurance saturn_qrd_string_index_last_occurance
string_init saturn_qrd_string_init
string_list_append saturn_qrd_string_list_append
string_list_append_n saturn_qrd_string_list_append_n
string_list_clone saturn_qrd_string_list_clone
string_list_deinitialize saturn_qrd_string_list_deinitialize
string_list_find_elem saturn_qrd_string_list_find_elem
string_list_find_elem_prefix saturn_qrd_string_list_find_elem_prefix
string_list_free saturn_qrd_string_list_free
string_list_initialize saturn_qrd_string_list_initialize
string_list_join_concat saturn_qrd_string_list_join_concat
string_list_new saturn_qrd_string_list_new
string_list_set saturn_qrd_string_list_set
string_remove_all_chars saturn_qrd_string_remove_all_chars
string_remove_all_whitespace saturn_qrd_string_remove_all_whitespace
string_replace_all_chars saturn_qrd_string_replace_all_chars
string_replace_multi_space_with_single_space saturn_qrd_string_replace_multi_space_with_single_space
string_replace_substring saturn_qrd_string_replace_substring
string_replace_whitespace_with_single_character saturn_qrd_string_replace_whitespace_with_single_character
string_separate saturn_qrd_string_separate
string_separate_noalloc saturn_qrd_string_separate_noalloc
string_set saturn_qrd_string_set
string_split saturn_qrd_string_split
string_split_noalloc saturn_qrd_string_split_noalloc
string_to_lower saturn_qrd_string_to_lower
string_to_unsigned saturn_qrd_string_to_unsigned
string_to_upper saturn_qrd_string_to_upper
string_tokenize saturn_qrd_string_tokenize
string_trim_whitespace saturn_qrd_string_trim_whitespace
string_trim_whitespace_left saturn_qrd_string_trim_whitespace_left
string_trim_whitespace_right saturn_qrd_string_trim_whitespace_right
string_ucwords saturn_qrd_string_ucwords
strlcat_retro__ saturn_qrd_strlcat_retro__
strlcpy_retro__ saturn_qrd_strlcpy_retro__
utf16_conv_utf8 saturn_qrd_utf16_conv_utf8
utf16_to_char_string saturn_qrd_utf16_to_char_string
utf16_to_utf8_string_alloc saturn_qrd_utf16_to_utf8_string_alloc
utf8_conv_utf32 saturn_qrd_utf8_conv_utf32
utf8_to_local_string_alloc saturn_qrd_utf8_to_local_string_alloc
utf8_to_utf16_string_alloc saturn_qrd_utf8_to_utf16_string_alloc
utf8_walk saturn_qrd_utf8_walk
utf8cpy saturn_qrd_utf8cpy
utf8len saturn_qrd_utf8len
utf8skip saturn_qrd_utf8skip
word_wrap saturn_qrd_word_wrap
word_wrap_wideglyph saturn_qrd_word_wrap_wideglyph
