BIOSROM psx_BIOSROM
dir_list_append psx_dir_list_append
dir_list_deinitialize psx_dir_list_deinitialize
dir_list_free psx_dir_list_free
dir_list_initialize psx_dir_list_initialize
dir_list_new psx_dir_list_new
dir_list_sort psx_dir_list_sort
dir_list_sort_ignore_ext psx_dir_list_sort_ignore_ext
dirent_vfs_init psx_dirent_vfs_init
encoding_crc32 psx_encoding_crc32
filestream_close psx_filestream_close
filestream_delete psx_filestream_delete
filestream_eof psx_filestream_eof
filestream_error psx_filestream_error
filestream_exists psx_filestream_exists
filestream_flush psx_filestream_flush
filestream_get_path psx_filestream_get_path
filestream_get_size psx_filestream_get_size
filestream_get_vfs_handle psx_filestream_get_vfs_handle
filestream_getc psx_filestream_getc
filestream_getline psx_filestream_getline
filestream_gets psx_filestream_gets
filestream_open psx_filestream_open
filestream_printf psx_filestream_printf
filestream_putc psx_filestream_putc
filestream_read psx_filestream_read
filestream_read_file psx_filestream_read_file
filestream_rename psx_filestream_rename
filestream_rewind psx_filestream_rewind
filestream_scanf psx_filestream_scanf
filestream_seek psx_filestream_seek
filestream_tell psx_filestream_tell
filestream_truncate psx_filestream_truncate
filestream_vfs_init psx_filestream_vfs_init
filestream_vprintf psx_filestream_vprintf
filestream_vscanf psx_filestream_vscanf
filestream_write psx_filestream_write
filestream_write_file psx_filestream_write_file
fill_dated_filename psx_fill_dated_filename
fill_pathname psx_fill_pathname
fill_pathname_abbreviate_special psx_fill_pathname_abbreviate_special
fill_pathname_abbreviated_or_relative psx_fill_pathname_abbreviated_or_relative
fill_pathname_base psx_fill_pathname_base
fill_pathname_basedir psx_fill_pathname_basedir
fill_pathname_dir psx_fill_pathname_dir
fill_pathname_expand_special psx_fill_pathname_expand_special
fill_pathname_join psx_fill_pathname_join
fill_pathname_join_delim psx_fill_pathname_join_delim
fill_pathname_join_special_ext psx_fill_pathname_join_special_ext
fill_pathname_parent_dir psx_fill_pathname_parent_dir
fill_pathname_parent_dir_name psx_fill_pathname_parent_dir_name
fill_pathname_resolve_relative psx_fill_pathname_resolve_relative
fill_pathname_slash psx_fill_pathname_slash
fill_str_dated_filename psx_fill_str_dated_filename
find_last_slash psx_find_last_slash
is_path_accessible_using_standard_io psx_is_path_accessible_using_standard_io
local_to_utf8_string_alloc psx_local_to_utf8_string_alloc
lr_char_props psx_lr_char_props
MDFN_GetSettingB psx_MDFN_GetSettingB
MDFN_GetSettingUI psx_MDFN_GetSettingUI
MDFNSS_LoadSM psx_MDFNSS_LoadSM
MDFNSS_SaveSM psx_MDFNSS_SaveSM
MDFNSS_StateAction psx_MDFNSS_StateAction
memalign_alloc psx_memalign_alloc
memalign_alloc_aligned psx_memalign_alloc_aligned
memalign_free psx_memalign_free
path_basedir psx_path_basedir
path_basedir_wrapper psx_path_basedir_wrapper
path_basename psx_path_basename
path_basename_nocompression psx_path_basename_nocompression
path_get_archive_delim psx_path_get_archive_delim
path_get_extension psx_path_get_extension
path_get_extension_mutable psx_path_get_extension_mutable
path_get_size psx_path_get_size
path_parent_dir psx_path_parent_dir
path_vfs_init psx_path_vfs_init
path_stat psx_path_stat
pathname_conform_slashes_to_os psx_pathname_conform_slashes_to_os
pathname_make_slashes_portable psx_pathname_make_slashes_portable
path_is_absolute psx_path_is_absolute
path_is_character_special psx_path_is_character_special
path_is_compressed_file psx_path_is_compressed_file
path_is_directory psx_path_is_directory
path_is_valid psx_path_is_valid
path_linked_list_add_path psx_path_linked_list_add_path
path_linked_list_free psx_path_linked_list_free
path_linked_list_new psx_path_linked_list_new
path_mkdir psx_path_mkdir
path_relative_to psx_path_relative_to
path_remove_extension psx_path_remove_extension
path_resolve_realpath psx_path_resolve_realpath
retro_closedir psx_retro_closedir
retro_dirent_error psx_retro_dirent_error
retro_dirent_get_name psx_retro_dirent_get_name
retro_dirent_is_dir psx_retro_dirent_is_dir
retro_opendir psx_retro_opendir
retro_opendir_include_hidden psx_retro_opendir_include_hidden
retro_readdir psx_retro_readdir
retro_vfs_closedir_impl psx_retro_vfs_closedir_impl
retro_vfs_dirent_get_name_impl psx_retro_vfs_dirent_get_name_impl
retro_vfs_dirent_is_dir_impl psx_retro_vfs_dirent_is_dir_impl
retro_vfs_file_close_impl psx_retro_vfs_file_close_impl
retro_vfs_file_error_impl psx_retro_vfs_file_error_impl
retro_vfs_file_flush_impl psx_retro_vfs_file_flush_impl
retro_vfs_file_get_path_impl psx_retro_vfs_file_get_path_impl
retro_vfs_file_open_impl psx_retro_vfs_file_open_impl
retro_vfs_file_read_impl psx_retro_vfs_file_read_impl
retro_vfs_file_remove_impl psx_retro_vfs_file_remove_impl
retro_vfs_file_rename_impl psx_retro_vfs_file_rename_impl
retro_vfs_file_seek_impl psx_retro_vfs_file_seek_impl
retro_vfs_file_seek_internal psx_retro_vfs_file_seek_internal
retro_vfs_file_size_impl psx_retro_vfs_file_size_impl
retro_vfs_file_tell_impl psx_retro_vfs_file_tell_impl
retro_vfs_file_truncate_impl psx_retro_vfs_file_truncate_impl
retro_vfs_file_write_impl psx_retro_vfs_file_write_impl
retro_vfs_mkdir_impl psx_retro_vfs_mkdir_impl
retro_vfs_opendir_impl psx_retro_vfs_opendir_impl
retro_vfs_readdir_impl psx_retro_vfs_readdir_impl
retro_vfs_stat_64_impl psx_retro_vfs_stat_64_impl
retro_vfs_stat_impl psx_retro_vfs_stat_impl
rfclose psx_rfclose
rfeof psx_rfeof
rferror psx_rferror
rfgetc psx_rfgetc
rfflush psx_rfflush
rfgets psx_rfgets
rfopen psx_rfopen
rfprintf psx_rfprintf
rfputc psx_rfputc
rfread psx_rfread
rfscanf psx_rfscanf
rfseek psx_rfseek
rftell psx_rftell
rfwrite psx_rfwrite
rtime_deinit psx_rtime_deinit
rtime_init psx_rtime_init
rtime_localtime psx_rtime_localtime
sanitize_path_part psx_sanitize_path_part
scond_broadcast psx_scond_broadcast
scond_free psx_scond_free
scond_new psx_scond_new
scond_signal psx_scond_signal
scond_wait psx_scond_wait
scond_wait_timeout psx_scond_wait_timeout
setting_initial_scanline psx_setting_initial_scanline
setting_last_scanline psx_setting_last_scanline
slock_free psx_slock_free
slock_lock psx_slock_lock
slock_new psx_slock_new
slock_try_lock psx_slock_try_lock
slock_unlock psx_slock_unlock
sthread_create psx_sthread_create
sthread_create_with_priority psx_sthread_create_with_priority
sthread_detach psx_sthread_detach
sthread_get_current_thread_id psx_sthread_get_current_thread_id
sthread_get_thread_id psx_sthread_get_thread_id
sthread_isself psx_sthread_isself
sthread_join psx_sthread_join
strftime_am_pm psx_strftime_am_pm
string_copy_only_ascii psx_string_copy_only_ascii
string_count_occurrences_single_character psx_string_count_occurrences_single_character
string_find_index_substring_string psx_string_find_index_substring_string
string_hex_to_unsigned psx_string_hex_to_unsigned
string_index_last_occurance psx_string_index_last_occurance
string_list_append psx_string_list_append
string_list_append_n psx_string_list_append_n
string_list_clone psx_string_list_clone
string_list_deinitialize psx_string_list_deinitialize
string_list_find_elem psx_string_list_find_elem
string_list_find_elem_prefix psx_string_list_find_elem_prefix
string_list_free psx_string_list_free
string_list_initialize psx_string_list_initialize
string_list_join_concat psx_string_list_join_concat
string_list_new psx_string_list_new
string_remove_all_chars psx_string_remove_all_chars
string_remove_all_whitespace psx_string_remove_all_whitespace
string_replace_all_chars psx_string_replace_all_chars
string_replace_multi_space_with_single_space psx_string_replace_multi_space_with_single_space
string_replace_substring psx_string_replace_substring
string_replace_whitespace_with_single_character psx_string_replace_whitespace_with_single_character
string_split psx_string_split
string_split_noalloc psx_string_split_noalloc
string_to_lower psx_string_to_lower
string_to_unsigned psx_string_to_unsigned
string_to_upper psx_string_to_upper
string_tokenize psx_string_tokenize
string_trim_whitespace psx_string_trim_whitespace
string_trim_whitespace_left psx_string_trim_whitespace_left
string_trim_whitespace_right psx_string_trim_whitespace_right
string_ucwords psx_string_ucwords
strlcat_retro__ psx_strlcat_retro__
strlcpy_retro__ psx_strlcpy_retro__
utf16_conv_utf8 psx_utf16_conv_utf8
utf16_to_char_string psx_utf16_to_char_string
utf16_to_utf8_string_alloc psx_utf16_to_utf8_string_alloc
utf8_conv_utf32 psx_utf8_conv_utf32
utf8_to_local_string_alloc psx_utf8_to_local_string_alloc
utf8_to_utf16_string_alloc psx_utf8_to_utf16_string_alloc
utf8_walk psx_utf8_walk
utf8cpy psx_utf8cpy
utf8len psx_utf8len
utf8skip psx_utf8skip
word_wrap psx_word_wrap
word_wrap_wideglyph psx_word_wrap_wideglyph
chd_close psx_chd_close
chd_codec_config psx_chd_codec_config
chd_core_file psx_chd_core_file
chd_error_string psx_chd_error_string
chd_get_codec_name psx_chd_get_codec_name
chd_get_header psx_chd_get_header
chd_get_metadata psx_chd_get_metadata
chd_open psx_chd_open
chd_open_core_file psx_chd_open_core_file
chd_open_file psx_chd_open_file
chd_precache psx_chd_precache
chd_read psx_chd_read
chd_read_header psx_chd_read_header
bitstream_flush psx_bitstream_flush
bitstream_overflow psx_bitstream_overflow
bitstream_peek psx_bitstream_peek
bitstream_read psx_bitstream_read
bitstream_read_offset psx_bitstream_read_offset
bitstream_remove psx_bitstream_remove
create_bitstream psx_create_bitstream
create_huffman_decoder psx_create_huffman_decoder
delete_huffman_decoder psx_delete_huffman_decoder
ecc_clear psx_ecc_clear
ecc_compute_bytes psx_ecc_compute_bytes
ecc_generate psx_ecc_generate
ecc_verify psx_ecc_verify
ERR_getErrorString psx_ERR_getErrorString
flac_decoder_decode_interleaved psx_flac_decoder_decode_interleaved
flac_decoder_finish psx_flac_decoder_finish
flac_decoder_free psx_flac_decoder_free
flac_decoder_init psx_flac_decoder_init
flac_decoder_reset psx_flac_decoder_reset
FSE_buildDTable_wksp psx_FSE_buildDTable_wksp
FSE_decompress_wksp_bmi2 psx_FSE_decompress_wksp_bmi2
FSE_getErrorName psx_FSE_getErrorName
FSE_isError psx_FSE_isError
FSE_readNCount psx_FSE_readNCount
FSE_readNCount_bmi2 psx_FSE_readNCount_bmi2
FSE_versionNumber psx_FSE_versionNumber
HUF_decompress1X_DCtx_wksp psx_HUF_decompress1X_DCtx_wksp
HUF_decompress1X_usingDTable psx_HUF_decompress1X_usingDTable
HUF_decompress1X1_DCtx_wksp psx_HUF_decompress1X1_DCtx_wksp
HUF_decompress1X2_DCtx_wksp psx_HUF_decompress1X2_DCtx_wksp
HUF_decompress4X_hufOnly_wksp psx_HUF_decompress4X_hufOnly_wksp
HUF_decompress4X_usingDTable psx_HUF_decompress4X_usingDTable
HUF_getErrorName psx_HUF_getErrorName
HUF_isError psx_HUF_isError
HUF_readDTableX1_wksp psx_HUF_readDTableX1_wksp
HUF_readDTableX2_wksp psx_HUF_readDTableX2_wksp
HUF_readStats psx_HUF_readStats
HUF_readStats_wksp psx_HUF_readStats_wksp
HUF_selectDecoder psx_HUF_selectDecoder
huffman_assign_canonical_codes psx_huffman_assign_canonical_codes
huffman_build_lookup_table psx_huffman_build_lookup_table
huffman_build_tree psx_huffman_build_tree
huffman_compute_tree_from_histo psx_huffman_compute_tree_from_histo
huffman_decode_one psx_huffman_decode_one
huffman_import_tree_huffman psx_huffman_import_tree_huffman
huffman_import_tree_rle psx_huffman_import_tree_rle
ZSTD_buildFSETable psx_ZSTD_buildFSETable
ZSTD_checkContinuity psx_ZSTD_checkContinuity
ZSTD_copyDCtx psx_ZSTD_copyDCtx
ZSTD_copyDDictParameters psx_ZSTD_copyDDictParameters
ZSTD_createDCtx psx_ZSTD_createDCtx
ZSTD_createDCtx_advanced psx_ZSTD_createDCtx_advanced
ZSTD_createDDict psx_ZSTD_createDDict
ZSTD_createDDict_advanced psx_ZSTD_createDDict_advanced
ZSTD_createDDict_byReference psx_ZSTD_createDDict_byReference
ZSTD_createDStream psx_ZSTD_createDStream
ZSTD_createDStream_advanced psx_ZSTD_createDStream_advanced
ZSTD_DCtx_getParameter psx_ZSTD_DCtx_getParameter
ZSTD_DCtx_loadDictionary psx_ZSTD_DCtx_loadDictionary
ZSTD_DCtx_loadDictionary_advanced psx_ZSTD_DCtx_loadDictionary_advanced
ZSTD_DCtx_loadDictionary_byReference psx_ZSTD_DCtx_loadDictionary_byReference
ZSTD_DCtx_refDDict psx_ZSTD_DCtx_refDDict
ZSTD_DCtx_refPrefix psx_ZSTD_DCtx_refPrefix
ZSTD_DCtx_refPrefix_advanced psx_ZSTD_DCtx_refPrefix_advanced
ZSTD_DCtx_reset psx_ZSTD_DCtx_reset
ZSTD_DCtx_setFormat psx_ZSTD_DCtx_setFormat
ZSTD_DCtx_setMaxWindowSize psx_ZSTD_DCtx_setMaxWindowSize
ZSTD_DCtx_setParameter psx_ZSTD_DCtx_setParameter
ZSTD_DDict_dictContent psx_ZSTD_DDict_dictContent
ZSTD_DDict_dictSize psx_ZSTD_DDict_dictSize
ZSTD_decodeLiteralsBlock_wrapper psx_ZSTD_decodeLiteralsBlock_wrapper
ZSTD_decodeSeqHeaders psx_ZSTD_decodeSeqHeaders
ZSTD_decodingBufferSize_min psx_ZSTD_decodingBufferSize_min
ZSTD_decompress psx_ZSTD_decompress
ZSTD_decompress_usingDDict psx_ZSTD_decompress_usingDDict
ZSTD_decompress_usingDict psx_ZSTD_decompress_usingDict
ZSTD_decompressBegin psx_ZSTD_decompressBegin
ZSTD_decompressBegin_usingDDict psx_ZSTD_decompressBegin_usingDDict
ZSTD_decompressBegin_usingDict psx_ZSTD_decompressBegin_usingDict
ZSTD_decompressBlock psx_ZSTD_decompressBlock
ZSTD_decompressBlock_deprecated psx_ZSTD_decompressBlock_deprecated
ZSTD_decompressBlock_internal psx_ZSTD_decompressBlock_internal
ZSTD_decompressBound psx_ZSTD_decompressBound
ZSTD_decompressContinue psx_ZSTD_decompressContinue
ZSTD_decompressDCtx psx_ZSTD_decompressDCtx
ZSTD_decompressStream psx_ZSTD_decompressStream
ZSTD_decompressStream_simpleArgs psx_ZSTD_decompressStream_simpleArgs
ZSTD_decompressionMargin psx_ZSTD_decompressionMargin
ZSTD_dParam_getBounds psx_ZSTD_dParam_getBounds
ZSTD_DStreamInSize psx_ZSTD_DStreamInSize
ZSTD_DStreamOutSize psx_ZSTD_DStreamOutSize
ZSTD_estimateDCtxSize psx_ZSTD_estimateDCtxSize
ZSTD_estimateDDictSize psx_ZSTD_estimateDDictSize
ZSTD_estimateDStreamSize psx_ZSTD_estimateDStreamSize
ZSTD_estimateDStreamSize_fromFrame psx_ZSTD_estimateDStreamSize_fromFrame
ZSTD_findDecompressedSize psx_ZSTD_findDecompressedSize
ZSTD_findFrameCompressedSize psx_ZSTD_findFrameCompressedSize
ZSTD_frameHeaderSize psx_ZSTD_frameHeaderSize
ZSTD_freeDCtx psx_ZSTD_freeDCtx
ZSTD_freeDDict psx_ZSTD_freeDDict
ZSTD_freeDStream psx_ZSTD_freeDStream
ZSTD_getcBlockSize psx_ZSTD_getcBlockSize
ZSTD_getDecompressedSize psx_ZSTD_getDecompressedSize
ZSTD_getDictID_fromDDict psx_ZSTD_getDictID_fromDDict
ZSTD_getDictID_fromDict psx_ZSTD_getDictID_fromDict
ZSTD_getDictID_fromFrame psx_ZSTD_getDictID_fromFrame
ZSTD_getErrorCode psx_ZSTD_getErrorCode
ZSTD_getErrorName psx_ZSTD_getErrorName
ZSTD_getErrorString psx_ZSTD_getErrorString
ZSTD_getFrameContentSize psx_ZSTD_getFrameContentSize
ZSTD_getFrameHeader psx_ZSTD_getFrameHeader
ZSTD_getFrameHeader_advanced psx_ZSTD_getFrameHeader_advanced
ZSTD_initDStream psx_ZSTD_initDStream
ZSTD_initDStream_usingDDict psx_ZSTD_initDStream_usingDDict
ZSTD_initDStream_usingDict psx_ZSTD_initDStream_usingDict
ZSTD_initStaticDCtx psx_ZSTD_initStaticDCtx
ZSTD_initStaticDDict psx_ZSTD_initStaticDDict
ZSTD_initStaticDStream psx_ZSTD_initStaticDStream
ZSTD_insertBlock psx_ZSTD_insertBlock
ZSTD_isError psx_ZSTD_isError
ZSTD_isFrame psx_ZSTD_isFrame
ZSTD_isSkippableFrame psx_ZSTD_isSkippableFrame
ZSTD_loadDEntropy psx_ZSTD_loadDEntropy
ZSTD_nextInputType psx_ZSTD_nextInputType
ZSTD_nextSrcSizeToDecompress psx_ZSTD_nextSrcSizeToDecompress
ZSTD_readSkippableFrame psx_ZSTD_readSkippableFrame
ZSTD_resetDStream psx_ZSTD_resetDStream
ZSTD_sizeof_DCtx psx_ZSTD_sizeof_DCtx
ZSTD_sizeof_DDict psx_ZSTD_sizeof_DDict
ZSTD_sizeof_DStream psx_ZSTD_sizeof_DStream
ZSTD_versionNumber psx_ZSTD_versionNumber
ZSTD_versionString psx_ZSTD_versionString
